$ cd /workspace/shadcn-ui
$ pnpm i && pnpm run lint && pnpm run build

Lockfile is up to date, resolution step is skipped
Packages: +427
++++++++++++++++++++++++++++++++++++++++++++++++++++++++++++++++++++++++++++++++
.../node_modules/@swc/core postinstall$ node postinstall.js
.../node_modules/@swc/core postinstall: Done
.../esbuild@0.21.5/node_modules/esbuild postinstall$ node install.js
.../esbuild@0.25.8/node_modules/esbuild postinstall$ node install.js
.../esbuild@0.21.5/node_modules/esbuild postinstall: Done
.../esbuild@0.25.8/node_modules/esbuild postinstall: Done

Done in 2.2s

> shadcnui@ lint /workspace/shadcn-ui
> eslint --quiet ./src


/workspace/shadcn-ui/src/hooks/useAuth.ts
  7:26  error  Unexpected any. Specify a different type  @typescript-eslint/no-explicit-any

/workspace/shadcn-ui/src/hooks/useFirestore.ts
  18:26  error  Unexpected any. Specify a different type  @typescript-eslint/no-explicit-any
  32:14  error  Unexpected any. Specify a different type  @typescript-eslint/no-explicit-any

✖ 3 problems (3 errors, 0 warnings)

 ELIFECYCLE  Command failed with exit code 1.
$ pnpm run lint && pnpm run build


> shadcnui@ lint /workspace/shadcn-ui
> eslint --quiet ./src


> shadcnui@ build /workspace/shadcn-ui
> vite build

vite v5.4.19 building for production...
transforming...
✓ 75 modules transformed.
x Build failed in 1.69s
error during build:
[vite]: Rollup failed to resolve import "firebase/app" from "/workspace/shadcn-ui/src/hooks/useAuth.ts".
This is most likely unintended because it can break your application at runtime.
If you do want to externalize this module explicitly add it to
`build.rollupOptions.external`
    at viteWarn (file:///workspace/shadcn-ui/node_modules/.pnpm/vite@5.4.19_@types+node@22.16.5/node_modules/vite/dist/node/chunks/dep-C6uTJdX2.js:65839:17)
    at onwarn (file:///workspace/shadcn-ui/node_modules/.pnpm/@vitejs+plugin-react-swc@3.11.0_vite@5.4.19/node_modules/@vitejs/plugin-react-swc/index.js:90:7)
    at onRollupWarning (file:///workspace/shadcn-ui/node_modules/.pnpm/vite@5.4.19_@types+node@22.16.5/node_modules/vite/dist/node/chunks/dep-C6uTJdX2.js:65869:5)
    at onwarn (file:///workspace/shadcn-ui/node_modules/.pnpm/vite@5.4.19_@types+node@22.16.5/node_modules/vite/dist/node/chunks/dep-C6uTJdX2.js:65534:7)
    at file:///workspace/shadcn-ui/node_modules/.pnpm/rollup@4.45.1/node_modules/rollup/dist/es/shared/node-entry.js:20832:13
    at Object.logger [as onLog] (file:///workspace/shadcn-ui/node_modules/.pnpm/rollup@4.45.1/node_modules/rollup/dist/es/shared/node-entry.js:22698:9)
    at ModuleLoader.handleInvalidResolvedId (file:///workspace/shadcn-ui/node_modules/.pnpm/rollup@4.45.1/node_modules/rollup/dist/es/shared/node-entry.js:21444:26)
    at file:///workspace/shadcn-ui/node_modules/.pnpm/rollup@4.45.1/node_modules/rollup/dist/es/shared/node-entry.js:21402:26
 ELIFECYCLE  Command failed with exit code 1.
$ pnpm add firebase

Progress: resolved 0, reused 1, downloaded 0, added 0
Progress: resolved 54, reused 54, downloaded 0, added 0
Progress: resolved 185, reused 184, downloaded 0, added 0
Progress: resolved 406, reused 402, downloaded 1, added 0
Progress: resolved 412, reused 402, downloaded 6, added 0
Progress: resolved 417, reused 402, downloaded 10, added 0
Progress: resolved 426, reused 402, downloaded 18, added 0
Progress: resolved 446, reused 404, downloaded 25, added 0
Progress: resolved 519, reused 412, downloaded 29, added 0
Progress: resolved 526, reused 412, downloaded 33, added 0
Progress: resolved 544, reused 425, downloaded 40, added 0
Progress: resolved 572, reused 426, downloaded 54, added 0
 WARN  1 deprecated subdependencies found: rollup-plugin-terser@7.0.2
Packages: +72
++++++++++++++++++++++++++++++++++++++++++++++++++++++++++++++++++++++++
Progress: resolved 573, reused 427, downloaded 71, added 0
Progress: resolved 573, reused 427, downloaded 72, added 14
Progress: resolved 573, reused 427, downloaded 72, added 33
Progress: resolved 573, reused 427, downloaded 72, added 44
Progress: resolved 573, reused 427, downloaded 72, added 58
Progress: resolved 573, reused 427, downloaded 72, added 64
Progress: resolved 573, reused 427, downloaded 72, added 67
Progress: resolved 573, reused 427, downloaded 72, added 68
Progress: resolved 573, reused 427, downloaded 72, added 69
Progress: resolved 573, reused 427, downloaded 72, added 70
Progress: resolved 573, reused 427, downloaded 72, added 71
Progress: resolved 573, reused 427, downloaded 72, added 72
Progress: resolved 573, reused 427, downloaded 72, added 72, done
.../node_modules/@firebase/util postinstall$ node ./postinstall.js
.../node_modules/protobufjs postinstall$ node scripts/postinstall
.../node_modules/@firebase/util postinstall: Done
.../node_modules/protobufjs postinstall: Done

dependencies:
+ firebase 12.2.1

Done in 51.9s
$ pnpm run lint && pnpm run build


> shadcnui@ lint /workspace/shadcn-ui
> eslint --quiet ./src


> shadcnui@ build /workspace/shadcn-ui
> vite build

vite v5.4.19 building for production...
transforming...
✓ 1695 modules transformed.
rendering chunks...
computing gzip size...
dist/index.html                   0.93 kB │ gzip:   0.45 kB
dist/assets/index-EO_cMtdo.css   61.78 kB │ gzip:  10.83 kB
dist/assets/index-CwXeiqhd.js   813.88 kB │ gzip: 220.90 kB

(!) Some chunks are larger than 500 kB after minification. Consider:
- Using dynamic import() to code-split the application
- Use build.rollupOptions.output.manualChunks to improve chunking: https://rollupjs.org/configuration-options/#output-manualchunks
- Adjust chunk size limit for this warning via build.chunkSizeWarningLimit.
✓ built in 7.90s
$ pnpm run lint && pnpm run build


> shadcnui@ lint /workspace/shadcn-ui
> eslint --quiet ./src


> shadcnui@ build /workspace/shadcn-ui
> vite build

vite v5.4.19 building for production...
transforming...
✓ 1695 modules transformed.
rendering chunks...
computing gzip size...
dist/index.html                   0.93 kB │ gzip:   0.46 kB
dist/assets/index-EO_cMtdo.css   61.78 kB │ gzip:  10.83 kB
dist/assets/index-C1nS4JfT.js   814.10 kB │ gzip: 220.98 kB

(!) Some chunks are larger than 500 kB after minification. Consider:
- Using dynamic import() to code-split the application
- Use build.rollupOptions.output.manualChunks to improve chunking: https://rollupjs.org/configuration-options/#output-manualchunks
- Adjust chunk size limit for this warning via build.chunkSizeWarningLimit.
✓ built in 7.27s
$ pnpm run build


> shadcnui@ build /workspace/shadcn-ui
> vite build

vite v5.4.19 building for production...
transforming...
✓ 1695 modules transformed.
rendering chunks...
computing gzip size...
dist/index.html                   0.93 kB │ gzip:   0.46 kB
dist/assets/index-EO_cMtdo.css   61.78 kB │ gzip:  10.83 kB
dist/assets/index-DCQSO8I4.js   814.72 kB │ gzip: 221.30 kB

(!) Some chunks are larger than 500 kB after minification. Consider:
- Using dynamic import() to code-split the application
- Use build.rollupOptions.output.manualChunks to improve chunking: https://rollupjs.org/configuration-options/#output-manualchunks
- Adjust chunk size limit for this warning via build.chunkSizeWarningLimit.
✓ built in 7.54s
